 
****************************************
Report : area
Design : sqrt_u32
Version: O-2018.06-SP1
Date   : Mon Jan  1 23:37:57 2024
****************************************

Library(s) Used:

    sc9mc_logic0040ll_base_rvt_c40_tt_typical_max_1p10v_25c (File: /opt/smic40/sc9mc_base_rvt_c40/r1p1/db/sc9mc_logic0040ll_base_rvt_c40_tt_typical_max_1p10v_25c.db)

Number of ports:                          321
Number of nets:                          5328
Number of cells:                         5071
Number of combinational cells:           4422
Number of sequential cells:               647
Number of macros/black boxes:               0
Number of buf/inv:                        645
Number of references:                     253

Combinational area:               7893.736153
Buf/Inv area:                      686.120404
Noncombinational area:            3180.189609
Macro/Black Box area:                0.000000
Net Interconnect area:               0.000000

Total cell area:                 11073.925762
Total area:                      11073.925762

Hierarchical area distribution
------------------------------

                                  Global cell area           Local cell area
                                  -------------------  ---------------------------- 
Hierarchical cell                 Absolute    Percent  Combi-     Noncombi-  Black-
                                  Total       Total    national   national   boxes   Design
--------------------------------  ----------  -------  ---------  ---------  ------  -------------------------
sqrt_u32                          11073.9258    100.0  4328.1126    92.8872  0.0000  sqrt_u32
u_cordic                           2446.6680     22.1  2106.7200   339.9480  0.0000  cordic_ITERATION8
u_fifo_32_16                       4206.2580     38.0  1458.9036  2747.3544  0.0000  fifo_DATA_WIDTH32_DEPTH16
--------------------------------  ----------  -------  ---------  ---------  ------  -------------------------
Total                                                  7893.7362  3180.1896  0.0000

1
